// Jest Snapshot v1, https://goo.gl/fbAQLP

exports[`Checkmarx should collect data 1`] = `
Object {
  "collectedEntities": Array [
    Object {
      "_class": Array [
        "Account",
      ],
      "_key": "checkmarx_account:cxprivatecloud",
      "_rawData": Array [
        Object {
          "name": "default",
          "rawData": Object {
            "name": "cxprivatecloud",
          },
        },
      ],
      "_type": "checkmarx_account",
      "createdOn": undefined,
      "displayName": "cxprivatecloud",
      "name": "cxprivatecloud",
      "webLink": "https://cxprivatecloud.checkmarx.net",
    },
    Object {
      "_class": Array [
        "Service",
      ],
      "_key": "checkmarx_dast_scanner:Checkmarx DAST",
      "_rawData": Array [
        Object {
          "name": "default",
          "rawData": Object {
            "name": "Checkmarx DAST",
          },
        },
      ],
      "_type": "checkmarx_dast_scanner",
      "category": Array [
        "software",
        "other",
      ],
      "createdOn": undefined,
      "displayName": "Checkmarx DAST",
      "function": "DAST",
      "name": "Checkmarx DAST",
    },
    Object {
      "_class": Array [
        "Team",
      ],
      "_key": "checkmarx_team:109",
      "_rawData": Array [
        Object {
          "name": "default",
          "rawData": Object {
            "fullName": "/CxServer/SP/Partners/JupiterOne",
            "id": 109,
            "name": "JupiterOne",
            "parentId": 0,
          },
        },
      ],
      "_type": "checkmarx_team",
      "createdOn": undefined,
      "displayName": "JupiterOne",
      "id": "109",
      "name": "JupiterOne",
    },
    Object {
      "_class": Array [
        "Project",
      ],
      "_key": "checkmarx_project:328",
      "_rawData": Array [
        Object {
          "name": "default",
          "rawData": Object {
            "customFields": Array [],
            "id": 328,
            "isPublic": true,
            "links": Array [
              Object {
                "rel": "self",
                "uri": "/projects/328",
              },
              Object {
                "rel": "teams",
                "uri": "/auth/teams/",
              },
              Object {
                "rel": "latestscan",
                "uri": "/sast/scans?projectId=328&last=1",
              },
              Object {
                "rel": "allscans",
                "uri": "/sast/scans?projectId=328",
              },
              Object {
                "rel": "scansettings",
                "uri": "/sast/scanSettings/328",
              },
              Object {
                "rel": "source",
                "type": "local",
                "uri": null,
              },
            ],
            "name": "test-project",
            "teamId": 109,
          },
        },
      ],
      "_type": "checkmarx_project",
      "createdOn": undefined,
      "displayName": "test-project",
      "id": "328",
      "isPublic": true,
      "name": "test-project",
    },
    Object {
      "_class": Array [
        "Project",
      ],
      "_key": "checkmarx_project:352",
      "_rawData": Array [
        Object {
          "name": "default",
          "rawData": Object {
            "customFields": Array [],
            "id": 352,
            "isPublic": true,
            "links": Array [
              Object {
                "rel": "self",
                "uri": "/projects/352",
              },
              Object {
                "rel": "teams",
                "uri": "/auth/teams/",
              },
              Object {
                "rel": "latestscan",
                "uri": "/sast/scans?projectId=352&last=1",
              },
              Object {
                "rel": "allscans",
                "uri": "/sast/scans?projectId=352",
              },
              Object {
                "rel": "scansettings",
                "uri": "/sast/scanSettings/352",
              },
              Object {
                "rel": "source",
                "type": "local",
                "uri": null,
              },
            ],
            "name": "another-project",
            "teamId": 109,
          },
        },
      ],
      "_type": "checkmarx_project",
      "createdOn": undefined,
      "displayName": "another-project",
      "id": "352",
      "isPublic": true,
      "name": "another-project",
    },
    Object {
      "_class": Array [
        "Project",
      ],
      "_key": "checkmarx_project:396",
      "_rawData": Array [
        Object {
          "name": "default",
          "rawData": Object {
            "customFields": Array [],
            "id": 396,
            "isPublic": true,
            "links": Array [
              Object {
                "rel": "self",
                "uri": "/projects/396",
              },
              Object {
                "rel": "teams",
                "uri": "/auth/teams/",
              },
              Object {
                "rel": "latestscan",
                "uri": "/sast/scans?projectId=396&last=1",
              },
              Object {
                "rel": "allscans",
                "uri": "/sast/scans?projectId=396",
              },
              Object {
                "rel": "scansettings",
                "uri": "/sast/scanSettings/396",
              },
              Object {
                "rel": "source",
                "type": "git",
                "uri": "/projects/396/sourceCode/remoteSettings/git",
              },
            ],
            "name": "another-test-project",
            "teamId": 109,
          },
        },
      ],
      "_type": "checkmarx_project",
      "createdOn": undefined,
      "displayName": "another-test-project",
      "id": "396",
      "isPublic": true,
      "name": "another-test-project",
    },
    Object {
      "_class": Array [
        "Assessment",
      ],
      "_key": "checkmarx_scan:1000990",
      "_rawData": Array [
        Object {
          "name": "default",
          "rawData": Object {
            "comment": "",
            "dateAndTime": Object {
              "engineFinishedOn": "2020-10-07T12:41:46.537",
              "engineStartedOn": "2020-10-07T12:41:21.443",
              "finishedOn": "2020-10-07T12:41:45.097",
              "startedOn": "2020-10-07T12:41:21.443",
            },
            "engineServer": Object {
              "id": 1,
              "link": null,
              "name": "Localhost",
            },
            "finishedScanStatus": Object {
              "id": 0,
              "value": "None",
            },
            "id": 1000990,
            "initiatorName": "Adam Williams",
            "isIncremental": false,
            "isLocked": false,
            "isPublic": true,
            "origin": "Web Portal",
            "owner": "adam.williams@jupiterone.com",
            "owningTeamId": 109,
            "partialScanReasons": null,
            "project": Object {
              "id": 328,
              "link": null,
              "name": "test-project",
            },
            "resultsStatistics": Object {
              "link": null,
            },
            "scanRisk": 10,
            "scanRiskSeverity": 0,
            "scanState": Object {
              "cxVersion": "9.2.0.41015 HF1",
              "failedLinesOfCode": 0,
              "filesCount": 1,
              "languageStateCollection": Array [
                Object {
                  "languageHash": "3450320970348195",
                  "languageID": 1073741824,
                  "languageName": "Common",
                  "stateCreationDate": "2020-09-13T09:07:38.44",
                },
                Object {
                  "languageHash": "0128891942401620",
                  "languageID": 8,
                  "languageName": "JavaScript",
                  "stateCreationDate": "2020-09-13T09:07:38.44",
                },
                Object {
                  "languageHash": "7713386434517252",
                  "languageID": 64,
                  "languageName": "VbScript",
                  "stateCreationDate": "2020-09-13T09:07:38.44",
                },
              ],
              "linesOfCode": 88,
              "path": " N/A (Zip File)",
              "sourceId": "0000000001_0-1072823060_0-1772354393",
            },
            "scanType": Object {
              "id": 1,
              "value": "Regular",
            },
            "status": Object {
              "details": Object {
                "stage": "",
                "step": "",
              },
              "id": 7,
              "name": "Finished",
            },
          },
        },
      ],
      "_type": "checkmarx_scan",
      "active": undefined,
      "category": "Vulnerability Scan",
      "createdOn": undefined,
      "displayName": "1000990",
      "id": "1000990",
      "internal": false,
      "isLocked": false,
      "isPublic": true,
      "name": "1000990",
      "owner": "adam.williams@jupiterone.com",
      "scanRisk": 10,
      "scanRiskSeverity": 0,
      "status": "Finished",
      "summary": "Regular",
    },
    Object {
      "_class": Array [
        "Assessment",
      ],
      "_key": "checkmarx_scan:1000989",
      "_rawData": Array [
        Object {
          "name": "default",
          "rawData": Object {
            "comment": "",
            "dateAndTime": Object {
              "engineFinishedOn": null,
              "engineStartedOn": null,
              "finishedOn": null,
              "startedOn": "2020-10-07T12:38:52.61",
            },
            "engineServer": null,
            "finishedScanStatus": Object {
              "id": 0,
              "value": "None",
            },
            "id": 1000989,
            "initiatorName": null,
            "isIncremental": false,
            "isLocked": false,
            "isPublic": true,
            "origin": null,
            "owner": "adam.williams@jupiterone.com",
            "owningTeamId": 109,
            "partialScanReasons": null,
            "project": Object {
              "id": 328,
              "link": null,
              "name": "test-project",
            },
            "resultsStatistics": null,
            "scanRisk": 0,
            "scanRiskSeverity": 0,
            "scanState": null,
            "scanType": Object {
              "id": 0,
              "value": "AllScans",
            },
            "status": Object {
              "details": Object {
                "stage": "<?xml version=\\"1.0\\" encoding=\\"utf-16\\"?>
<ServiceMessage xmlns:xsd=\\"http://www.w3.org/2001/XMLSchema\\" xmlns:xsi=\\"http://www.w3.org/2001/XMLSchema-instance\\">
  <ErrorCode>17033</ErrorCode>
  <Parameters />
</ServiceMessage>",
                "step": "",
              },
              "id": 9,
              "name": "Failed",
            },
          },
        },
      ],
      "_type": "checkmarx_scan",
      "active": undefined,
      "category": "Vulnerability Scan",
      "createdOn": undefined,
      "displayName": "1000989",
      "id": "1000989",
      "internal": false,
      "isLocked": false,
      "isPublic": true,
      "name": "1000989",
      "owner": "adam.williams@jupiterone.com",
      "scanRisk": 0,
      "scanRiskSeverity": 0,
      "status": "Failed",
      "summary": "AllScans",
    },
    Object {
      "_class": Array [
        "Assessment",
      ],
      "_key": "checkmarx_scan:1000977",
      "_rawData": Array [
        Object {
          "name": "default",
          "rawData": Object {
            "comment": "",
            "dateAndTime": Object {
              "engineFinishedOn": null,
              "engineStartedOn": null,
              "finishedOn": null,
              "startedOn": "2020-10-06T14:03:11.033",
            },
            "engineServer": null,
            "finishedScanStatus": Object {
              "id": 0,
              "value": "None",
            },
            "id": 1000977,
            "initiatorName": null,
            "isIncremental": false,
            "isLocked": false,
            "isPublic": true,
            "origin": null,
            "owner": "adam.williams@jupiterone.com",
            "owningTeamId": 109,
            "partialScanReasons": null,
            "project": Object {
              "id": 328,
              "link": null,
              "name": "test-project",
            },
            "resultsStatistics": null,
            "scanRisk": 0,
            "scanRiskSeverity": 0,
            "scanState": null,
            "scanType": Object {
              "id": 0,
              "value": "AllScans",
            },
            "status": Object {
              "details": Object {
                "stage": "<?xml version=\\"1.0\\" encoding=\\"utf-16\\"?>
<ServiceMessage xmlns:xsd=\\"http://www.w3.org/2001/XMLSchema\\" xmlns:xsi=\\"http://www.w3.org/2001/XMLSchema-instance\\">
  <ErrorCode>17033</ErrorCode>
  <Parameters />
</ServiceMessage>",
                "step": "",
              },
              "id": 9,
              "name": "Failed",
            },
          },
        },
      ],
      "_type": "checkmarx_scan",
      "active": undefined,
      "category": "Vulnerability Scan",
      "createdOn": undefined,
      "displayName": "1000977",
      "id": "1000977",
      "internal": false,
      "isLocked": false,
      "isPublic": true,
      "name": "1000977",
      "owner": "adam.williams@jupiterone.com",
      "scanRisk": 0,
      "scanRiskSeverity": 0,
      "status": "Failed",
      "summary": "AllScans",
    },
    Object {
      "_class": Array [
        "Assessment",
      ],
      "_key": "checkmarx_scan:1001053",
      "_rawData": Array [
        Object {
          "name": "default",
          "rawData": Object {
            "comment": "",
            "dateAndTime": Object {
              "engineFinishedOn": null,
              "engineStartedOn": null,
              "finishedOn": null,
              "startedOn": "2020-10-19T15:40:55.65",
            },
            "engineServer": null,
            "finishedScanStatus": Object {
              "id": 0,
              "value": "None",
            },
            "id": 1001053,
            "initiatorName": null,
            "isIncremental": false,
            "isLocked": false,
            "isPublic": true,
            "origin": null,
            "owner": "adam.williams@jupiterone.com",
            "owningTeamId": 109,
            "partialScanReasons": null,
            "project": Object {
              "id": 352,
              "link": null,
              "name": "another-project",
            },
            "resultsStatistics": null,
            "scanRisk": 0,
            "scanRiskSeverity": 0,
            "scanState": null,
            "scanType": Object {
              "id": 0,
              "value": "AllScans",
            },
            "status": Object {
              "details": Object {
                "stage": "<?xml version=\\"1.0\\" encoding=\\"utf-16\\"?>
<ServiceMessage xmlns:xsd=\\"http://www.w3.org/2001/XMLSchema\\" xmlns:xsi=\\"http://www.w3.org/2001/XMLSchema-instance\\">
  <ErrorCode>17033</ErrorCode>
  <Parameters />
</ServiceMessage>",
                "step": "",
              },
              "id": 9,
              "name": "Failed",
            },
          },
        },
      ],
      "_type": "checkmarx_scan",
      "active": undefined,
      "category": "Vulnerability Scan",
      "createdOn": undefined,
      "displayName": "1001053",
      "id": "1001053",
      "internal": false,
      "isLocked": false,
      "isPublic": true,
      "name": "1001053",
      "owner": "adam.williams@jupiterone.com",
      "scanRisk": 0,
      "scanRiskSeverity": 0,
      "status": "Failed",
      "summary": "AllScans",
    },
    Object {
      "_class": Array [
        "Assessment",
      ],
      "_key": "checkmarx_scan:1001217",
      "_rawData": Array [
        Object {
          "name": "default",
          "rawData": Object {
            "comment": "",
            "dateAndTime": Object {
              "engineFinishedOn": "2020-10-29T15:29:06.637",
              "engineStartedOn": "2020-10-29T15:27:14.79",
              "finishedOn": "2020-10-29T15:29:03.697",
              "startedOn": "2020-10-29T15:27:14.79",
            },
            "engineServer": Object {
              "id": 1,
              "link": null,
              "name": "Localhost",
            },
            "finishedScanStatus": Object {
              "id": 0,
              "value": "None",
            },
            "id": 1001217,
            "initiatorName": "Adam Williams",
            "isIncremental": false,
            "isLocked": false,
            "isPublic": true,
            "origin": "Web Portal",
            "owner": "adam.williams@jupiterone.com",
            "owningTeamId": 109,
            "partialScanReasons": null,
            "project": Object {
              "id": 396,
              "link": null,
              "name": "another-test-project",
            },
            "resultsStatistics": Object {
              "link": null,
            },
            "scanRisk": 25,
            "scanRiskSeverity": 6,
            "scanState": Object {
              "cxVersion": "9.2.0.41015 HF4",
              "failedLinesOfCode": 159,
              "filesCount": 217,
              "languageStateCollection": Array [
                Object {
                  "languageHash": "3450320970348195",
                  "languageID": 1073741824,
                  "languageName": "Common",
                  "stateCreationDate": "2020-09-13T09:07:38.44",
                },
                Object {
                  "languageHash": "0128891942401620",
                  "languageID": 8,
                  "languageName": "JavaScript",
                  "stateCreationDate": "2020-09-13T09:07:38.44",
                },
                Object {
                  "languageHash": "0168023923119858",
                  "languageID": 1024,
                  "languageName": "Ruby",
                  "stateCreationDate": "2020-09-13T09:07:38.44",
                },
              ],
              "linesOfCode": 33116,
              "path": "https://github.com/JupiterOne/graph-azure",
              "sourceId": "0000000217_001772988257_00-915679797",
            },
            "scanType": Object {
              "id": 1,
              "value": "Regular",
            },
            "status": Object {
              "details": Object {
                "stage": "",
                "step": "",
              },
              "id": 7,
              "name": "Finished",
            },
          },
        },
      ],
      "_type": "checkmarx_scan",
      "active": undefined,
      "category": "Vulnerability Scan",
      "createdOn": undefined,
      "displayName": "1001217",
      "id": "1001217",
      "internal": false,
      "isLocked": false,
      "isPublic": true,
      "name": "1001217",
      "owner": "adam.williams@jupiterone.com",
      "scanRisk": 25,
      "scanRiskSeverity": 6,
      "status": "Finished",
      "summary": "Regular",
    },
    Object {
      "_class": Array [
        "Assessment",
      ],
      "_key": "checkmarx_scan:1001213",
      "_rawData": Array [
        Object {
          "name": "default",
          "rawData": Object {
            "comment": "",
            "dateAndTime": Object {
              "engineFinishedOn": "2020-10-28T20:56:22.657",
              "engineStartedOn": "2020-10-28T20:54:30.53",
              "finishedOn": "2020-10-28T20:56:22.7",
              "startedOn": "2020-10-28T20:54:30.53",
            },
            "engineServer": Object {
              "id": 1,
              "link": null,
              "name": "Localhost",
            },
            "finishedScanStatus": Object {
              "id": 0,
              "value": "None",
            },
            "id": 1001213,
            "initiatorName": "Adam Williams",
            "isIncremental": false,
            "isLocked": false,
            "isPublic": true,
            "origin": "Web Portal",
            "owner": "adam.williams@jupiterone.com",
            "owningTeamId": 109,
            "partialScanReasons": null,
            "project": Object {
              "id": 396,
              "link": null,
              "name": "another-test-project",
            },
            "resultsStatistics": Object {
              "link": null,
            },
            "scanRisk": -1,
            "scanRiskSeverity": 0,
            "scanState": Object {
              "cxVersion": "9.2.0.41015 HF4",
              "failedLinesOfCode": 159,
              "filesCount": 217,
              "languageStateCollection": Array [],
              "linesOfCode": 33116,
              "path": "https://github.com/JupiterOne/graph-azure",
              "sourceId": "0000000217_001772988257_00-915679797",
            },
            "scanType": Object {
              "id": 1,
              "value": "Regular",
            },
            "status": Object {
              "details": Object {
                "stage": "",
                "step": "",
              },
              "id": 7,
              "name": "Finished",
            },
          },
        },
      ],
      "_type": "checkmarx_scan",
      "active": undefined,
      "category": "Vulnerability Scan",
      "createdOn": undefined,
      "displayName": "1001213",
      "id": "1001213",
      "internal": false,
      "isLocked": false,
      "isPublic": true,
      "name": "1001213",
      "owner": "adam.williams@jupiterone.com",
      "scanRisk": -1,
      "scanRiskSeverity": 0,
      "status": "Finished",
      "summary": "Regular",
    },
    Object {
      "_class": Array [
        "Assessment",
      ],
      "_key": "checkmarx_scan:1001212",
      "_rawData": Array [
        Object {
          "name": "default",
          "rawData": Object {
            "comment": "",
            "dateAndTime": Object {
              "engineFinishedOn": "2020-10-28T20:54:37.623",
              "engineStartedOn": "2020-10-28T20:52:46.573",
              "finishedOn": "2020-10-28T20:54:37.667",
              "startedOn": "2020-10-28T20:52:46.573",
            },
            "engineServer": Object {
              "id": 1,
              "link": null,
              "name": "Localhost",
            },
            "finishedScanStatus": Object {
              "id": 0,
              "value": "None",
            },
            "id": 1001212,
            "initiatorName": "Adam Williams",
            "isIncremental": false,
            "isLocked": false,
            "isPublic": true,
            "origin": "Web Portal",
            "owner": "adam.williams@jupiterone.com",
            "owningTeamId": 109,
            "partialScanReasons": null,
            "project": Object {
              "id": 396,
              "link": null,
              "name": "another-test-project",
            },
            "resultsStatistics": Object {
              "link": null,
            },
            "scanRisk": -1,
            "scanRiskSeverity": 0,
            "scanState": Object {
              "cxVersion": "9.2.0.41015 HF4",
              "failedLinesOfCode": 159,
              "filesCount": 217,
              "languageStateCollection": Array [],
              "linesOfCode": 33116,
              "path": "https://github.com/JupiterOne/graph-azure",
              "sourceId": "0000000217_001772988257_00-915679797",
            },
            "scanType": Object {
              "id": 1,
              "value": "Regular",
            },
            "status": Object {
              "details": Object {
                "stage": "",
                "step": "",
              },
              "id": 7,
              "name": "Finished",
            },
          },
        },
      ],
      "_type": "checkmarx_scan",
      "active": undefined,
      "category": "Vulnerability Scan",
      "createdOn": undefined,
      "displayName": "1001212",
      "id": "1001212",
      "internal": false,
      "isLocked": false,
      "isPublic": true,
      "name": "1001212",
      "owner": "adam.williams@jupiterone.com",
      "scanRisk": -1,
      "scanRiskSeverity": 0,
      "status": "Finished",
      "summary": "Regular",
    },
    Object {
      "_class": Array [
        "Finding",
      ],
      "_key": "checkmarx_finding:https://cxprivatecloud.checkmarx.net/CxWebClient/ViewerMain.aspx?scanid=1000990&projectid=328&pathid=1",
      "_rawData": Array [
        Object {
          "name": "default",
          "rawData": Object {
            "Assigned To": "",
            "Column": "1",
            "Comment": "",
            "Custom": "",
            "DestColumn": "1",
            "DestFileName": "rar/order.htm",
            "DestLine": "1",
            "DestName": "CxJSNS_44bcf57f",
            "DestNodeId": "1",
            "FISMA 2014": "",
            "Line": "1",
            "Link": "https://cxprivatecloud.checkmarx.net/CxWebClient/ViewerMain.aspx?scanid=1000990&projectid=328&pathid=1",
            "NIST SP 800-53": "",
            "Name": "CxJSNS_44bcf57f",
            "NodeId": "1",
            "OWASP Mobile Top 10 2016": "",
            "OWASP Top 10 2013": "",
            "OWASP Top 10 2017": "",
            "PCI DSS v3.2": "",
            "Query": "Potential Clickjacking on Legacy Browsers",
            "QueryPath": "JavaScript\\\\Cx\\\\JavaScript Low Visibility\\\\Potential Clickjacking on Legacy Browsers Version:1",
            "Result Severity": "Low",
            "Result State": "To Verify",
            "Result Status": "New",
            "SrcFileName": "rar/order.htm",
          },
        },
      ],
      "_type": "checkmarx_finding",
      "category": "software",
      "createdOn": undefined,
      "displayName": "Potential Clickjacking on Legacy Browsers",
      "id": "https://cxprivatecloud.checkmarx.net/CxWebClient/ViewerMain.aspx?scanid=1000990&projectid=328&pathid=1",
      "name": "Potential Clickjacking on Legacy Browsers",
      "numericSeverity": 1,
      "open": true,
      "severity": "Low",
      "webLink": "https://cxprivatecloud.checkmarx.net/CxWebClient/ViewerMain.aspx?scanid=1000990&projectid=328&pathid=1",
    },
    Object {
      "_class": Array [
        "Finding",
      ],
      "_key": "checkmarx_finding:https://cxprivatecloud.checkmarx.net/CxWebClient/ViewerMain.aspx?scanid=1001217&projectid=396&pathid=2",
      "_rawData": Array [
        Object {
          "name": "default",
          "rawData": Object {
            "Assigned To": "",
            "Column": "45",
            "Comment": "",
            "Custom": "",
            "DestColumn": "21",
            "DestFileName": "src/azure/utils.ts",
            "DestLine": "15",
            "DestName": "toLowerCase",
            "DestNodeId": "3",
            "FISMA 2014": "Identification And Authentication",
            "Line": "63",
            "Link": "https://cxprivatecloud.checkmarx.net/CxWebClient/ViewerMain.aspx?scanid=1001217&projectid=396&pathid=2",
            "NIST SP 800-53": "SC-4 Information in Shared Resources (P1)",
            "Name": "location",
            "NodeId": "1",
            "OWASP Mobile Top 10 2016": "",
            "OWASP Top 10 2013": "",
            "OWASP Top 10 2017": "A3-Sensitive Data Exposure",
            "PCI DSS v3.2": "",
            "Query": "Client Privacy Violation",
            "QueryPath": "JavaScript\\\\Cx\\\\JavaScript Medium Threat\\\\Client Privacy Violation Version:1",
            "Result Severity": "Medium",
            "Result State": "To Verify",
            "Result Status": "New",
            "SrcFileName": "src/steps/resource-manager/cosmosdb/converters.ts",
          },
        },
      ],
      "_type": "checkmarx_finding",
      "category": "software",
      "createdOn": undefined,
      "displayName": "Client Privacy Violation",
      "id": "https://cxprivatecloud.checkmarx.net/CxWebClient/ViewerMain.aspx?scanid=1001217&projectid=396&pathid=2",
      "name": "Client Privacy Violation",
      "numericSeverity": 2,
      "open": true,
      "severity": "Medium",
      "webLink": "https://cxprivatecloud.checkmarx.net/CxWebClient/ViewerMain.aspx?scanid=1001217&projectid=396&pathid=2",
    },
    Object {
      "_class": Array [
        "Finding",
      ],
      "_key": "checkmarx_finding:https://cxprivatecloud.checkmarx.net/CxWebClient/ViewerMain.aspx?scanid=1001217&projectid=396&pathid=3",
      "_rawData": Array [
        Object {
          "name": "default",
          "rawData": Object {
            "Assigned To": "",
            "Column": "40",
            "Comment": "",
            "Custom": "",
            "DestColumn": "21",
            "DestFileName": "src/azure/utils.ts",
            "DestLine": "15",
            "DestName": "toLowerCase",
            "DestNodeId": "3",
            "FISMA 2014": "Identification And Authentication",
            "Line": "26",
            "Link": "https://cxprivatecloud.checkmarx.net/CxWebClient/ViewerMain.aspx?scanid=1001217&projectid=396&pathid=3",
            "NIST SP 800-53": "SC-4 Information in Shared Resources (P1)",
            "Name": "location",
            "NodeId": "1",
            "OWASP Mobile Top 10 2016": "",
            "OWASP Top 10 2013": "",
            "OWASP Top 10 2017": "A3-Sensitive Data Exposure",
            "PCI DSS v3.2": "",
            "Query": "Client Privacy Violation",
            "QueryPath": "JavaScript\\\\Cx\\\\JavaScript Medium Threat\\\\Client Privacy Violation Version:1",
            "Result Severity": "Medium",
            "Result State": "To Verify",
            "Result Status": "New",
            "SrcFileName": "src/steps/resource-manager/key-vault/converters.ts",
          },
        },
      ],
      "_type": "checkmarx_finding",
      "category": "software",
      "createdOn": undefined,
      "displayName": "Client Privacy Violation",
      "id": "https://cxprivatecloud.checkmarx.net/CxWebClient/ViewerMain.aspx?scanid=1001217&projectid=396&pathid=3",
      "name": "Client Privacy Violation",
      "numericSeverity": 2,
      "open": true,
      "severity": "Medium",
      "webLink": "https://cxprivatecloud.checkmarx.net/CxWebClient/ViewerMain.aspx?scanid=1001217&projectid=396&pathid=3",
    },
    Object {
      "_class": Array [
        "Finding",
      ],
      "_key": "checkmarx_finding:https://cxprivatecloud.checkmarx.net/CxWebClient/ViewerMain.aspx?scanid=1001217&projectid=396&pathid=4",
      "_rawData": Array [
        Object {
          "name": "default",
          "rawData": Object {
            "Assigned To": "",
            "Column": "40",
            "Comment": "",
            "Custom": "",
            "DestColumn": "21",
            "DestFileName": "src/azure/utils.ts",
            "DestLine": "15",
            "DestName": "toLowerCase",
            "DestNodeId": "3",
            "FISMA 2014": "Identification And Authentication",
            "Line": "31",
            "Link": "https://cxprivatecloud.checkmarx.net/CxWebClient/ViewerMain.aspx?scanid=1001217&projectid=396&pathid=4",
            "NIST SP 800-53": "SC-4 Information in Shared Resources (P1)",
            "Name": "location",
            "NodeId": "1",
            "OWASP Mobile Top 10 2016": "",
            "OWASP Top 10 2013": "",
            "OWASP Top 10 2017": "A3-Sensitive Data Exposure",
            "PCI DSS v3.2": "",
            "Query": "Client Privacy Violation",
            "QueryPath": "JavaScript\\\\Cx\\\\JavaScript Medium Threat\\\\Client Privacy Violation Version:1",
            "Result Severity": "Medium",
            "Result State": "To Verify",
            "Result Status": "New",
            "SrcFileName": "src/steps/resource-manager/cosmosdb/converters.ts",
          },
        },
      ],
      "_type": "checkmarx_finding",
      "category": "software",
      "createdOn": undefined,
      "displayName": "Client Privacy Violation",
      "id": "https://cxprivatecloud.checkmarx.net/CxWebClient/ViewerMain.aspx?scanid=1001217&projectid=396&pathid=4",
      "name": "Client Privacy Violation",
      "numericSeverity": 2,
      "open": true,
      "severity": "Medium",
      "webLink": "https://cxprivatecloud.checkmarx.net/CxWebClient/ViewerMain.aspx?scanid=1001217&projectid=396&pathid=4",
    },
    Object {
      "_class": Array [
        "Finding",
      ],
      "_key": "checkmarx_finding:https://cxprivatecloud.checkmarx.net/CxWebClient/ViewerMain.aspx?scanid=1001217&projectid=396&pathid=1",
      "_rawData": Array [
        Object {
          "name": "default",
          "rawData": Object {
            "Assigned To": "",
            "Column": "25",
            "Comment": "",
            "Custom": "",
            "DestColumn": "25",
            "DestFileName": "src/steps/resource-manager/databases/mysql/client.test.ts",
            "DestLine": "129",
            "DestName": "json",
            "DestNodeId": "1",
            "FISMA 2014": "",
            "Line": "129",
            "Link": "https://cxprivatecloud.checkmarx.net/CxWebClient/ViewerMain.aspx?scanid=1001217&projectid=396&pathid=1",
            "NIST SP 800-53": "",
            "Name": "json",
            "NodeId": "1",
            "OWASP Mobile Top 10 2016": "",
            "OWASP Top 10 2013": "",
            "OWASP Top 10 2017": "",
            "PCI DSS v3.2": "",
            "Query": "Missing HSTS Header",
            "QueryPath": "JavaScript\\\\Cx\\\\JavaScript Medium Threat\\\\Missing HSTS Header Version:1",
            "Result Severity": "Medium",
            "Result State": "To Verify",
            "Result Status": "New",
            "SrcFileName": "src/steps/resource-manager/databases/mysql/client.test.ts",
          },
        },
      ],
      "_type": "checkmarx_finding",
      "category": "software",
      "createdOn": undefined,
      "displayName": "Missing HSTS Header",
      "id": "https://cxprivatecloud.checkmarx.net/CxWebClient/ViewerMain.aspx?scanid=1001217&projectid=396&pathid=1",
      "name": "Missing HSTS Header",
      "numericSeverity": 2,
      "open": true,
      "severity": "Medium",
      "webLink": "https://cxprivatecloud.checkmarx.net/CxWebClient/ViewerMain.aspx?scanid=1001217&projectid=396&pathid=1",
    },
  ],
  "collectedRelationships": Array [
    Object {
      "_class": "HAS",
      "_fromEntityKey": "checkmarx_account:cxprivatecloud",
      "_key": "checkmarx_account:cxprivatecloud|has|checkmarx_dast_scanner:Checkmarx DAST",
      "_toEntityKey": "checkmarx_dast_scanner:Checkmarx DAST",
      "_type": "checkmarx_account_has_dast_scanner",
      "displayName": "HAS",
    },
    Object {
      "_class": "HAS",
      "_fromEntityKey": "checkmarx_account:cxprivatecloud",
      "_key": "checkmarx_account:cxprivatecloud|has|checkmarx_team:109",
      "_toEntityKey": "checkmarx_team:109",
      "_type": "checkmarx_account_has_team",
      "displayName": "HAS",
    },
    Object {
      "_class": "HAS",
      "_fromEntityKey": "checkmarx_team:109",
      "_key": "checkmarx_team:109|has|checkmarx_project:328",
      "_toEntityKey": "checkmarx_project:328",
      "_type": "checkmarx_team_has_project",
      "displayName": "HAS",
    },
    Object {
      "_class": "HAS",
      "_fromEntityKey": "checkmarx_team:109",
      "_key": "checkmarx_team:109|has|checkmarx_project:352",
      "_toEntityKey": "checkmarx_project:352",
      "_type": "checkmarx_team_has_project",
      "displayName": "HAS",
    },
    Object {
      "_class": "HAS",
      "_fromEntityKey": "checkmarx_team:109",
      "_key": "checkmarx_team:109|has|checkmarx_project:396",
      "_toEntityKey": "checkmarx_project:396",
      "_type": "checkmarx_team_has_project",
      "displayName": "HAS",
    },
    Object {
      "_class": "HAS",
      "_fromEntityKey": "checkmarx_project:328",
      "_key": "checkmarx_project:328|has|checkmarx_scan:1000990",
      "_toEntityKey": "checkmarx_scan:1000990",
      "_type": "checkmarx_project_has_scan",
      "displayName": "HAS",
    },
    Object {
      "_class": "PERFORMED",
      "_fromEntityKey": "checkmarx_dast_scanner:Checkmarx DAST",
      "_key": "checkmarx_dast_scanner:Checkmarx DAST|performed|checkmarx_scan:1000990",
      "_toEntityKey": "checkmarx_scan:1000990",
      "_type": "checkmarx_dast_scanner_performed_scan",
      "displayName": "PERFORMED",
    },
    Object {
      "_class": "HAS",
      "_fromEntityKey": "checkmarx_project:328",
      "_key": "checkmarx_project:328|has|checkmarx_scan:1000989",
      "_toEntityKey": "checkmarx_scan:1000989",
      "_type": "checkmarx_project_has_scan",
      "displayName": "HAS",
    },
    Object {
      "_class": "PERFORMED",
      "_fromEntityKey": "checkmarx_dast_scanner:Checkmarx DAST",
      "_key": "checkmarx_dast_scanner:Checkmarx DAST|performed|checkmarx_scan:1000989",
      "_toEntityKey": "checkmarx_scan:1000989",
      "_type": "checkmarx_dast_scanner_performed_scan",
      "displayName": "PERFORMED",
    },
    Object {
      "_class": "HAS",
      "_fromEntityKey": "checkmarx_project:328",
      "_key": "checkmarx_project:328|has|checkmarx_scan:1000977",
      "_toEntityKey": "checkmarx_scan:1000977",
      "_type": "checkmarx_project_has_scan",
      "displayName": "HAS",
    },
    Object {
      "_class": "PERFORMED",
      "_fromEntityKey": "checkmarx_dast_scanner:Checkmarx DAST",
      "_key": "checkmarx_dast_scanner:Checkmarx DAST|performed|checkmarx_scan:1000977",
      "_toEntityKey": "checkmarx_scan:1000977",
      "_type": "checkmarx_dast_scanner_performed_scan",
      "displayName": "PERFORMED",
    },
    Object {
      "_class": "HAS",
      "_fromEntityKey": "checkmarx_project:352",
      "_key": "checkmarx_project:352|has|checkmarx_scan:1001053",
      "_toEntityKey": "checkmarx_scan:1001053",
      "_type": "checkmarx_project_has_scan",
      "displayName": "HAS",
    },
    Object {
      "_class": "PERFORMED",
      "_fromEntityKey": "checkmarx_dast_scanner:Checkmarx DAST",
      "_key": "checkmarx_dast_scanner:Checkmarx DAST|performed|checkmarx_scan:1001053",
      "_toEntityKey": "checkmarx_scan:1001053",
      "_type": "checkmarx_dast_scanner_performed_scan",
      "displayName": "PERFORMED",
    },
    Object {
      "_class": "HAS",
      "_fromEntityKey": "checkmarx_project:396",
      "_key": "checkmarx_project:396|has|checkmarx_scan:1001217",
      "_toEntityKey": "checkmarx_scan:1001217",
      "_type": "checkmarx_project_has_scan",
      "displayName": "HAS",
    },
    Object {
      "_class": "PERFORMED",
      "_fromEntityKey": "checkmarx_dast_scanner:Checkmarx DAST",
      "_key": "checkmarx_dast_scanner:Checkmarx DAST|performed|checkmarx_scan:1001217",
      "_toEntityKey": "checkmarx_scan:1001217",
      "_type": "checkmarx_dast_scanner_performed_scan",
      "displayName": "PERFORMED",
    },
    Object {
      "_class": "HAS",
      "_fromEntityKey": "checkmarx_project:396",
      "_key": "checkmarx_project:396|has|checkmarx_scan:1001213",
      "_toEntityKey": "checkmarx_scan:1001213",
      "_type": "checkmarx_project_has_scan",
      "displayName": "HAS",
    },
    Object {
      "_class": "PERFORMED",
      "_fromEntityKey": "checkmarx_dast_scanner:Checkmarx DAST",
      "_key": "checkmarx_dast_scanner:Checkmarx DAST|performed|checkmarx_scan:1001213",
      "_toEntityKey": "checkmarx_scan:1001213",
      "_type": "checkmarx_dast_scanner_performed_scan",
      "displayName": "PERFORMED",
    },
    Object {
      "_class": "HAS",
      "_fromEntityKey": "checkmarx_project:396",
      "_key": "checkmarx_project:396|has|checkmarx_scan:1001212",
      "_toEntityKey": "checkmarx_scan:1001212",
      "_type": "checkmarx_project_has_scan",
      "displayName": "HAS",
    },
    Object {
      "_class": "PERFORMED",
      "_fromEntityKey": "checkmarx_dast_scanner:Checkmarx DAST",
      "_key": "checkmarx_dast_scanner:Checkmarx DAST|performed|checkmarx_scan:1001212",
      "_toEntityKey": "checkmarx_scan:1001212",
      "_type": "checkmarx_dast_scanner_performed_scan",
      "displayName": "PERFORMED",
    },
    Object {
      "_class": "IDENTIFIED",
      "_fromEntityKey": "checkmarx_scan:1000990",
      "_key": "checkmarx_scan:1000990|identified|checkmarx_finding:https://cxprivatecloud.checkmarx.net/CxWebClient/ViewerMain.aspx?scanid=1000990&projectid=328&pathid=1",
      "_toEntityKey": "checkmarx_finding:https://cxprivatecloud.checkmarx.net/CxWebClient/ViewerMain.aspx?scanid=1000990&projectid=328&pathid=1",
      "_type": "checkmarx_scan_identified_finding",
      "displayName": "IDENTIFIED",
    },
    Object {
      "_class": "IDENTIFIED",
      "_fromEntityKey": "checkmarx_scan:1001217",
      "_key": "checkmarx_scan:1001217|identified|checkmarx_finding:https://cxprivatecloud.checkmarx.net/CxWebClient/ViewerMain.aspx?scanid=1001217&projectid=396&pathid=2",
      "_toEntityKey": "checkmarx_finding:https://cxprivatecloud.checkmarx.net/CxWebClient/ViewerMain.aspx?scanid=1001217&projectid=396&pathid=2",
      "_type": "checkmarx_scan_identified_finding",
      "displayName": "IDENTIFIED",
    },
    Object {
      "_class": "IDENTIFIED",
      "_fromEntityKey": "checkmarx_scan:1001217",
      "_key": "checkmarx_scan:1001217|identified|checkmarx_finding:https://cxprivatecloud.checkmarx.net/CxWebClient/ViewerMain.aspx?scanid=1001217&projectid=396&pathid=3",
      "_toEntityKey": "checkmarx_finding:https://cxprivatecloud.checkmarx.net/CxWebClient/ViewerMain.aspx?scanid=1001217&projectid=396&pathid=3",
      "_type": "checkmarx_scan_identified_finding",
      "displayName": "IDENTIFIED",
    },
    Object {
      "_class": "IDENTIFIED",
      "_fromEntityKey": "checkmarx_scan:1001217",
      "_key": "checkmarx_scan:1001217|identified|checkmarx_finding:https://cxprivatecloud.checkmarx.net/CxWebClient/ViewerMain.aspx?scanid=1001217&projectid=396&pathid=4",
      "_toEntityKey": "checkmarx_finding:https://cxprivatecloud.checkmarx.net/CxWebClient/ViewerMain.aspx?scanid=1001217&projectid=396&pathid=4",
      "_type": "checkmarx_scan_identified_finding",
      "displayName": "IDENTIFIED",
    },
    Object {
      "_class": "IDENTIFIED",
      "_fromEntityKey": "checkmarx_scan:1001217",
      "_key": "checkmarx_scan:1001217|identified|checkmarx_finding:https://cxprivatecloud.checkmarx.net/CxWebClient/ViewerMain.aspx?scanid=1001217&projectid=396&pathid=1",
      "_toEntityKey": "checkmarx_finding:https://cxprivatecloud.checkmarx.net/CxWebClient/ViewerMain.aspx?scanid=1001217&projectid=396&pathid=1",
      "_type": "checkmarx_scan_identified_finding",
      "displayName": "IDENTIFIED",
    },
  ],
  "encounteredTypes": Array [
    "checkmarx_account",
    "checkmarx_dast_scanner",
    "checkmarx_account_has_dast_scanner",
    "checkmarx_team",
    "checkmarx_account_has_team",
    "checkmarx_project",
    "checkmarx_team_has_project",
    "checkmarx_scan",
    "checkmarx_project_has_scan",
    "checkmarx_dast_scanner_performed_scan",
    "checkmarx_finding",
    "checkmarx_scan_identified_finding",
  ],
  "numCollectedEntities": 18,
  "numCollectedRelationships": 24,
}
`;
